Archive member included to satisfy reference by file (symbol)

/opt/devkitpro/libtonc/lib/libtonc.a(tonc_oam.o)
                              player.o (oam_init)
/opt/devkitpro/libtonc/lib/libtonc.a(tonc_input.o)
                              main.o (key_poll)
/opt/devkitpro/libtonc/lib/libtonc.a(tonc_bios.o)
                              /opt/devkitpro/libtonc/lib/libtonc.a(tonc_input.o) (VBlankIntrWait)
/opt/devkitpro/libtonc/lib/libtonc.a(tonc_memcpy.o)
                              player.o (memcpy32)
/opt/devkitpro/devkitARM/bin/../lib/gcc/arm-none-eabi/10.2.0/thumb/libgcc.a(_divsi3.o)
                              graphics.o (__aeabi_idivmod)
/opt/devkitpro/devkitARM/bin/../lib/gcc/arm-none-eabi/10.2.0/thumb/libgcc.a(_dvmd_tls.o)
                              /opt/devkitpro/devkitARM/bin/../lib/gcc/arm-none-eabi/10.2.0/thumb/libgcc.a(_divsi3.o) (__aeabi_idiv0)
/opt/devkitpro/devkitARM/bin/../lib/gcc/arm-none-eabi/10.2.0/thumb/libgcc.a(_arm_addsubsf3.o)
                              main_game.o (__aeabi_fadd)
/opt/devkitpro/devkitARM/bin/../lib/gcc/arm-none-eabi/10.2.0/thumb/libgcc.a(_arm_fixsfsi.o)
                              main_game.o (__aeabi_f2iz)
/opt/devkitpro/devkitARM/bin/../lib/gcc/arm-none-eabi/10.2.0/../../../../arm-none-eabi/lib/thumb/libg.a(lib_a-init.o)
                              /opt/devkitpro/devkitARM/bin/../lib/gcc/arm-none-eabi/10.2.0/../../../../arm-none-eabi/lib/thumb/gba_crt0.o (__libc_init_array)
/opt/devkitpro/devkitARM/bin/../lib/gcc/arm-none-eabi/10.2.0/../../../../arm-none-eabi/lib/thumb/libg.a(lib_a-rand.o)
                              common.o (srand)
/opt/devkitpro/devkitARM/bin/../lib/gcc/arm-none-eabi/10.2.0/../../../../arm-none-eabi/lib/thumb/libsysbase.a(malloc_vars.o)
                              /opt/devkitpro/devkitARM/bin/../lib/gcc/arm-none-eabi/10.2.0/../../../../arm-none-eabi/lib/thumb/gba_crt0.o (fake_heap_end)
/opt/devkitpro/devkitARM/bin/../lib/gcc/arm-none-eabi/10.2.0/../../../../arm-none-eabi/lib/thumb/libsysbase.a(getreent.o)
                              /opt/devkitpro/devkitARM/bin/../lib/gcc/arm-none-eabi/10.2.0/../../../../arm-none-eabi/lib/thumb/libg.a(lib_a-rand.o) (__getreent)
/opt/devkitpro/devkitARM/bin/../lib/gcc/arm-none-eabi/10.2.0/../../../../arm-none-eabi/lib/thumb/libsysbase.a(syscall_support.o)
                              /opt/devkitpro/devkitARM/bin/../lib/gcc/arm-none-eabi/10.2.0/../../../../arm-none-eabi/lib/thumb/libsysbase.a(getreent.o) (__syscalls)
/opt/devkitpro/devkitARM/bin/../lib/gcc/arm-none-eabi/10.2.0/thumb/libgcc.a(_muldi3.o)
                              /opt/devkitpro/devkitARM/bin/../lib/gcc/arm-none-eabi/10.2.0/../../../../arm-none-eabi/lib/thumb/libg.a(lib_a-rand.o) (__aeabi_lmul)
/opt/devkitpro/devkitARM/bin/../lib/gcc/arm-none-eabi/10.2.0/../../../../arm-none-eabi/lib/thumb/libg.a(lib_a-impure.o)
                              /opt/devkitpro/devkitARM/bin/../lib/gcc/arm-none-eabi/10.2.0/../../../../arm-none-eabi/lib/thumb/libsysbase.a(getreent.o) (_impure_ptr)

Discarded input sections

 .text          0x0000000000000000        0x0 /opt/devkitpro/devkitARM/bin/../lib/gcc/arm-none-eabi/10.2.0/../../../../arm-none-eabi/lib/thumb/gba_crt0.o
 .data          0x0000000000000000        0x0 /opt/devkitpro/devkitARM/bin/../lib/gcc/arm-none-eabi/10.2.0/../../../../arm-none-eabi/lib/thumb/gba_crt0.o
 .bss           0x0000000000000000        0x0 /opt/devkitpro/devkitARM/bin/../lib/gcc/arm-none-eabi/10.2.0/../../../../arm-none-eabi/lib/thumb/gba_crt0.o
 .text          0x0000000000000000        0x0 /opt/devkitpro/devkitARM/bin/../lib/gcc/arm-none-eabi/10.2.0/thumb/crti.o
 .data          0x0000000000000000        0x0 /opt/devkitpro/devkitARM/bin/../lib/gcc/arm-none-eabi/10.2.0/thumb/crti.o
 .bss           0x0000000000000000        0x0 /opt/devkitpro/devkitARM/bin/../lib/gcc/arm-none-eabi/10.2.0/thumb/crti.o
 .text          0x0000000000000000        0x0 /opt/devkitpro/devkitARM/bin/../lib/gcc/arm-none-eabi/10.2.0/thumb/crtbegin.o
 .data          0x0000000000000000        0x0 /opt/devkitpro/devkitARM/bin/../lib/gcc/arm-none-eabi/10.2.0/thumb/crtbegin.o
 .bss           0x0000000000000000        0x0 /opt/devkitpro/devkitARM/bin/../lib/gcc/arm-none-eabi/10.2.0/thumb/crtbegin.o
 .data.__dso_handle
                0x0000000000000000        0x4 /opt/devkitpro/devkitARM/bin/../lib/gcc/arm-none-eabi/10.2.0/thumb/crtbegin.o
 .data          0x0000000000000000        0x0 player.o
 .text          0x0000000000000000        0x0 ent.o
 .data          0x0000000000000000        0x0 ent.o
 .data          0x0000000000000000        0x0 main.o
 .bss           0x0000000000000000        0x0 main.o
 .data          0x0000000000000000        0x0 graphics.o
 .bss           0x0000000000000000        0x0 graphics.o
 .data          0x0000000000000000        0x0 title_screen.o
 .data          0x0000000000000000        0x0 main_game.o
 .text          0x0000000000000000        0x0 titleScreenShared.o
 .data          0x0000000000000000        0x0 titleScreenShared.o
 .bss           0x0000000000000000        0x0 titleScreenShared.o
 .text          0x0000000000000000        0x0 NewTilemap.o
 .data          0x0000000000000000        0x0 NewTilemap.o
 .bss           0x0000000000000000        0x0 NewTilemap.o
 .rodata        0x0000000000000000    0x10000 NewTilemap.o
 .debug_info    0x0000000000000000       0x5a NewTilemap.o
 .debug_abbrev  0x0000000000000000       0x4a NewTilemap.o
 .debug_aranges
                0x0000000000000000       0x18 NewTilemap.o
 .debug_line    0x0000000000000000       0x70 NewTilemap.o
 .debug_str     0x0000000000000000      0x137 NewTilemap.o
 .comment       0x0000000000000000       0x24 NewTilemap.o
 .text          0x0000000000000000        0x0 title_text.o
 .data          0x0000000000000000        0x0 title_text.o
 .bss           0x0000000000000000        0x0 title_text.o
 .text          0x0000000000000000        0x0 whale.o
 .data          0x0000000000000000        0x0 whale.o
 .bss           0x0000000000000000        0x0 whale.o
 .text          0x0000000000000000        0x0 backgroundSky.o
 .data          0x0000000000000000        0x0 backgroundSky.o
 .bss           0x0000000000000000        0x0 backgroundSky.o
 .rodata        0x0000000000000000      0x800 backgroundSky.o
 .debug_info    0x0000000000000000       0x5a backgroundSky.o
 .debug_abbrev  0x0000000000000000       0x4a backgroundSky.o
 .debug_aranges
                0x0000000000000000       0x18 backgroundSky.o
 .debug_line    0x0000000000000000       0x73 backgroundSky.o
 .debug_str     0x0000000000000000      0x13d backgroundSky.o
 .comment       0x0000000000000000       0x24 backgroundSky.o
 .data          0x0000000000000000        0x0 /opt/devkitpro/libtonc/lib/libtonc.a(tonc_oam.o)
 .bss           0x0000000000000000        0x0 /opt/devkitpro/libtonc/lib/libtonc.a(tonc_oam.o)
 .data          0x0000000000000000        0x0 /opt/devkitpro/libtonc/lib/libtonc.a(tonc_bios.o)
 .bss           0x0000000000000000        0x0 /opt/devkitpro/libtonc/lib/libtonc.a(tonc_bios.o)
 .text          0x0000000000000000       0x44 /opt/devkitpro/libtonc/lib/libtonc.a(tonc_memcpy.o)
 .data          0x0000000000000000        0x0 /opt/devkitpro/libtonc/lib/libtonc.a(tonc_memcpy.o)
 .bss           0x0000000000000000        0x0 /opt/devkitpro/libtonc/lib/libtonc.a(tonc_memcpy.o)
 .data          0x0000000000000000        0x0 /opt/devkitpro/devkitARM/bin/../lib/gcc/arm-none-eabi/10.2.0/thumb/libgcc.a(_divsi3.o)
 .bss           0x0000000000000000        0x0 /opt/devkitpro/devkitARM/bin/../lib/gcc/arm-none-eabi/10.2.0/thumb/libgcc.a(_divsi3.o)
 .data          0x0000000000000000        0x0 /opt/devkitpro/devkitARM/bin/../lib/gcc/arm-none-eabi/10.2.0/thumb/libgcc.a(_dvmd_tls.o)
 .bss           0x0000000000000000        0x0 /opt/devkitpro/devkitARM/bin/../lib/gcc/arm-none-eabi/10.2.0/thumb/libgcc.a(_dvmd_tls.o)
 .data          0x0000000000000000        0x0 /opt/devkitpro/devkitARM/bin/../lib/gcc/arm-none-eabi/10.2.0/thumb/libgcc.a(_arm_addsubsf3.o)
 .bss           0x0000000000000000        0x0 /opt/devkitpro/devkitARM/bin/../lib/gcc/arm-none-eabi/10.2.0/thumb/libgcc.a(_arm_addsubsf3.o)
 .data          0x0000000000000000        0x0 /opt/devkitpro/devkitARM/bin/../lib/gcc/arm-none-eabi/10.2.0/thumb/libgcc.a(_arm_fixsfsi.o)
 .bss           0x0000000000000000        0x0 /opt/devkitpro/devkitARM/bin/../lib/gcc/arm-none-eabi/10.2.0/thumb/libgcc.a(_arm_fixsfsi.o)
 .text          0x0000000000000000        0x0 /opt/devkitpro/devkitARM/bin/../lib/gcc/arm-none-eabi/10.2.0/../../../../arm-none-eabi/lib/thumb/libg.a(lib_a-init.o)
 .data          0x0000000000000000        0x0 /opt/devkitpro/devkitARM/bin/../lib/gcc/arm-none-eabi/10.2.0/../../../../arm-none-eabi/lib/thumb/libg.a(lib_a-init.o)
 .bss           0x0000000000000000        0x0 /opt/devkitpro/devkitARM/bin/../lib/gcc/arm-none-eabi/10.2.0/../../../../arm-none-eabi/lib/thumb/libg.a(lib_a-init.o)
 .text          0x0000000000000000        0x0 /opt/devkitpro/devkitARM/bin/../lib/gcc/arm-none-eabi/10.2.0/../../../../arm-none-eabi/lib/thumb/libg.a(lib_a-rand.o)
 .data          0x0000000000000000        0x0 /opt/devkitpro/devkitARM/bin/../lib/gcc/arm-none-eabi/10.2.0/../../../../arm-none-eabi/lib/thumb/libg.a(lib_a-rand.o)
 .bss           0x0000000000000000        0x0 /opt/devkitpro/devkitARM/bin/../lib/gcc/arm-none-eabi/10.2.0/../../../../arm-none-eabi/lib/thumb/libg.a(lib_a-rand.o)
 .text          0x0000000000000000        0x0 /opt/devkitpro/devkitARM/bin/../lib/gcc/arm-none-eabi/10.2.0/../../../../arm-none-eabi/lib/thumb/libsysbase.a(malloc_vars.o)
 .data          0x0000000000000000        0x0 /opt/devkitpro/devkitARM/bin/../lib/gcc/arm-none-eabi/10.2.0/../../../../arm-none-eabi/lib/thumb/libsysbase.a(malloc_vars.o)
 .bss           0x0000000000000000        0x0 /opt/devkitpro/devkitARM/bin/../lib/gcc/arm-none-eabi/10.2.0/../../../../arm-none-eabi/lib/thumb/libsysbase.a(malloc_vars.o)
 .bss.fake_heap_start
                0x0000000000000000        0x4 /opt/devkitpro/devkitARM/bin/../lib/gcc/arm-none-eabi/10.2.0/../../../../arm-none-eabi/lib/thumb/libsysbase.a(malloc_vars.o)
 .text          0x0000000000000000        0x0 /opt/devkitpro/devkitARM/bin/../lib/gcc/arm-none-eabi/10.2.0/../../../../arm-none-eabi/lib/thumb/libsysbase.a(getreent.o)
 .data          0x0000000000000000        0x0 /opt/devkitpro/devkitARM/bin/../lib/gcc/arm-none-eabi/10.2.0/../../../../arm-none-eabi/lib/thumb/libsysbase.a(getreent.o)
 .bss           0x0000000000000000        0x0 /opt/devkitpro/devkitARM/bin/../lib/gcc/arm-none-eabi/10.2.0/../../../../arm-none-eabi/lib/thumb/libsysbase.a(getreent.o)
 .text          0x0000000000000000        0x0 /opt/devkitpro/devkitARM/bin/../lib/gcc/arm-none-eabi/10.2.0/../../../../arm-none-eabi/lib/thumb/libsysbase.a(syscall_support.o)
 .data          0x0000000000000000        0x0 /opt/devkitpro/devkitARM/bin/../lib/gcc/arm-none-eabi/10.2.0/../../../../arm-none-eabi/lib/thumb/libsysbase.a(syscall_support.o)
 .bss           0x0000000000000000        0x0 /opt/devkitpro/devkitARM/bin/../lib/gcc/arm-none-eabi/10.2.0/../../../../arm-none-eabi/lib/thumb/libsysbase.a(syscall_support.o)
 .text.__libc_lock_init
                0x0000000000000000       0x1c /opt/devkitpro/devkitARM/bin/../lib/gcc/arm-none-eabi/10.2.0/../../../../arm-none-eabi/lib/thumb/libsysbase.a(syscall_support.o)
 .text.__libc_lock_acquire
                0x0000000000000000       0x1c /opt/devkitpro/devkitARM/bin/../lib/gcc/arm-none-eabi/10.2.0/../../../../arm-none-eabi/lib/thumb/libsysbase.a(syscall_support.o)
 .text.__libc_lock_try_acquire
                0x0000000000000000       0x24 /opt/devkitpro/devkitARM/bin/../lib/gcc/arm-none-eabi/10.2.0/../../../../arm-none-eabi/lib/thumb/libsysbase.a(syscall_support.o)
 .text.__libc_lock_release
                0x0000000000000000       0x1c /opt/devkitpro/devkitARM/bin/../lib/gcc/arm-none-eabi/10.2.0/../../../../arm-none-eabi/lib/thumb/libsysbase.a(syscall_support.o)
 .text.__libc_lock_close
                0x0000000000000000       0x1c /opt/devkitpro/devkitARM/bin/../lib/gcc/arm-none-eabi/10.2.0/../../../../arm-none-eabi/lib/thumb/libsysbase.a(syscall_support.o)
 .text.__libc_lock_init_recursive
                0x0000000000000000       0x1c /opt/devkitpro/devkitARM/bin/../lib/gcc/arm-none-eabi/10.2.0/../../../../arm-none-eabi/lib/thumb/libsysbase.a(syscall_support.o)
 .text.__libc_lock_acquire_recursive
                0x0000000000000000       0x1c /opt/devkitpro/devkitARM/bin/../lib/gcc/arm-none-eabi/10.2.0/../../../../arm-none-eabi/lib/thumb/libsysbase.a(syscall_support.o)
 .text.__libc_lock_try_acquire_recursive
                0x0000000000000000       0x24 /opt/devkitpro/devkitARM/bin/../lib/gcc/arm-none-eabi/10.2.0/../../../../arm-none-eabi/lib/thumb/libsysbase.a(syscall_support.o)
 .text.__libc_lock_release_recursive
                0x0000000000000000       0x1c /opt/devkitpro/devkitARM/bin/../lib/gcc/arm-none-eabi/10.2.0/../../../../arm-none-eabi/lib/thumb/libsysbase.a(syscall_support.o)
 .text.__libc_lock_close_recursive
                0x0000000000000000       0x1c /opt/devkitpro/devkitARM/bin/../lib/gcc/arm-none-eabi/10.2.0/../../../../arm-none-eabi/lib/thumb/libsysbase.a(syscall_support.o)
 .text          0x0000000000000000        0x0 /opt/devkitpro/devkitARM/bin/../lib/gcc/arm-none-eabi/10.2.0/thumb/libgcc.a(_muldi3.o)
 .data          0x0000000000000000        0x0 /opt/devkitpro/devkitARM/bin/../lib/gcc/arm-none-eabi/10.2.0/thumb/libgcc.a(_muldi3.o)
 .bss           0x0000000000000000        0x0 /opt/devkitpro/devkitARM/bin/../lib/gcc/arm-none-eabi/10.2.0/thumb/libgcc.a(_muldi3.o)
 .text          0x0000000000000000        0x0 /opt/devkitpro/devkitARM/bin/../lib/gcc/arm-none-eabi/10.2.0/../../../../arm-none-eabi/lib/thumb/libg.a(lib_a-impure.o)
 .data          0x0000000000000000        0x0 /opt/devkitpro/devkitARM/bin/../lib/gcc/arm-none-eabi/10.2.0/../../../../arm-none-eabi/lib/thumb/libg.a(lib_a-impure.o)
 .bss           0x0000000000000000        0x0 /opt/devkitpro/devkitARM/bin/../lib/gcc/arm-none-eabi/10.2.0/../../../../arm-none-eabi/lib/thumb/libg.a(lib_a-impure.o)
 .rodata._global_impure_ptr
                0x0000000000000000        0x4 /opt/devkitpro/devkitARM/bin/../lib/gcc/arm-none-eabi/10.2.0/../../../../arm-none-eabi/lib/thumb/libg.a(lib_a-impure.o)
 .text          0x0000000000000000        0x0 /opt/devkitpro/devkitARM/bin/../lib/gcc/arm-none-eabi/10.2.0/thumb/crtend.o
 .data          0x0000000000000000        0x0 /opt/devkitpro/devkitARM/bin/../lib/gcc/arm-none-eabi/10.2.0/thumb/crtend.o
 .bss           0x0000000000000000        0x0 /opt/devkitpro/devkitARM/bin/../lib/gcc/arm-none-eabi/10.2.0/thumb/crtend.o
 .text          0x0000000000000000        0x0 /opt/devkitpro/devkitARM/bin/../lib/gcc/arm-none-eabi/10.2.0/thumb/crtn.o
 .data          0x0000000000000000        0x0 /opt/devkitpro/devkitARM/bin/../lib/gcc/arm-none-eabi/10.2.0/thumb/crtn.o
 .bss           0x0000000000000000        0x0 /opt/devkitpro/devkitARM/bin/../lib/gcc/arm-none-eabi/10.2.0/thumb/crtn.o

Memory Configuration

Name             Origin             Length             Attributes
rom              0x0000000008000000 0x0000000002000000
iwram            0x0000000003000000 0x0000000000008000
ewram            0x0000000002000000 0x0000000000040000
*default*        0x0000000000000000 0xffffffffffffffff

Linker script and memory map

                0x0000000008000000                __text_start = ORIGIN (rom)
                0x0000000002040000                __eheap_end = (ORIGIN (ewram) + LENGTH (ewram))
                0x0000000003000000                __iwram_start = ORIGIN (iwram)
                0x0000000003008000                __iwram_top = (ORIGIN (iwram) + LENGTH (iwram))
                0x0000000003007fa0                __sp_irq = (__iwram_top - 0x60)
                0x0000000003007f00                __sp_usr = (__sp_irq - 0xa0)
                0x0000000003007ff8                __irq_flags = 0x3007ff8
                0x0000000008000000                . = __text_start

.crt0           0x0000000008000000      0x210
 *(.crt0)
 .crt0          0x0000000008000000      0x210 /opt/devkitpro/devkitARM/bin/../lib/gcc/arm-none-eabi/10.2.0/../../../../arm-none-eabi/lib/thumb/gba_crt0.o
                0x0000000008000000                _start
                0x00000000080000c4                __boot_method
                0x00000000080000c5                __slave_number
                0x00000000080000e0                start_vector
                0x0000000008000210                . = ALIGN (0x4)

.init           0x0000000008000210        0xc
 *(SORT_NONE(.init))
 .init          0x0000000008000210        0x4 /opt/devkitpro/devkitARM/bin/../lib/gcc/arm-none-eabi/10.2.0/thumb/crti.o
                0x0000000008000210                _init
 .init          0x0000000008000214        0x8 /opt/devkitpro/devkitARM/bin/../lib/gcc/arm-none-eabi/10.2.0/thumb/crtn.o

.plt            0x000000000800021c        0x0
 *(.plt)
                0x000000000800021c                . = ALIGN (0x4)

.text           0x0000000008000220     0x1078
 *(EXCLUDE_FILE(*.iwram*) .text*)
 .text.__do_global_dtors_aux
                0x0000000008000220       0x2c /opt/devkitpro/devkitARM/bin/../lib/gcc/arm-none-eabi/10.2.0/thumb/crtbegin.o
 .text.frame_dummy
                0x000000000800024c       0x24 /opt/devkitpro/devkitARM/bin/../lib/gcc/arm-none-eabi/10.2.0/thumb/crtbegin.o
 .text          0x0000000008000270      0x138 player.o
                0x0000000008000270                init_player
                0x00000000080002a8                update_player
 .text          0x00000000080003a8       0xa8 common.o
                0x00000000080003ac                common_step
                0x00000000080003bc                frame_count
                0x00000000080003c8                scene_set
                0x00000000080003f0                scene_update
                0x0000000008000434                init_seed
                0x0000000008000440                gba_rand
 .text          0x0000000008000450       0x38 main.o
                0x0000000008000450                game_loop
                0x0000000008000474                start_game
 .text.startup  0x0000000008000488        0xc main.o
                0x0000000008000488                main
 .text          0x0000000008000494      0x268 graphics.o
                0x0000000008000494                load_player_tile
                0x00000000080004d4                init_graphics
                0x0000000008000514                valid_cloud_address
                0x0000000008000588                create_cloud
                0x00000000080005d0                place_n_clouds
 .text          0x00000000080006fc      0x12c title_screen.o
 .text          0x0000000008000828      0x2d8 main_game.o
 .text          0x0000000008000b00       0xbc /opt/devkitpro/libtonc/lib/libtonc.a(tonc_oam.o)
                0x0000000008000b00                oam_init
                0x0000000008000b48                obj_copy
                0x0000000008000b68                obj_hide_multi
                0x0000000008000b90                obj_unhide_multi
 .text          0x0000000008000bbc       0xa8 /opt/devkitpro/libtonc/lib/libtonc.a(tonc_input.o)
                0x0000000008000bbc                key_poll
                0x0000000008000c10                key_wait_till_hit
                0x0000000008000c34                key_repeat
                0x0000000008000c40                key_repeat_mask
                0x0000000008000c50                key_repeat_limits
 .text          0x0000000008000c64       0x8c /opt/devkitpro/libtonc/lib/libtonc.a(tonc_bios.o)
                0x0000000008000c64                SoftReset
                0x0000000008000c68                RegisterRamReset
                0x0000000008000c6c                Halt
                0x0000000008000c70                Stop
                0x0000000008000c74                IntrWait
                0x0000000008000c78                VBlankIntrWait
                0x0000000008000c7c                Div
                0x0000000008000c80                DivArm
                0x0000000008000c84                Sqrt
                0x0000000008000c88                ArcTan
                0x0000000008000c8c                ArcTan2
                0x0000000008000c90                CpuSet
                0x0000000008000c94                CpuFastSet
                0x0000000008000c98                BiosCheckSum
                0x0000000008000c9c                BgAffineSet
                0x0000000008000ca0                ObjAffineSet
                0x0000000008000ca4                BitUnPack
                0x0000000008000ca8                LZ77UnCompWram
                0x0000000008000cac                LZ77UnCompVram
                0x0000000008000cb0                HuffUnComp
                0x0000000008000cb4                RLUnCompWram
                0x0000000008000cb8                RLUnCompVram
                0x0000000008000cbc                Diff8bitUnFilterWram
                0x0000000008000cc0                Diff8bitUnFilterVram
                0x0000000008000cc4                Diff16bitUnFilter
                0x0000000008000cc8                SoundBias
                0x0000000008000ccc                SoundDriverInit
                0x0000000008000cd0                SoundDriverMode
                0x0000000008000cd4                SoundDriverMain
                0x0000000008000cd8                SoundDriverVSync
                0x0000000008000cdc                SoundChannelClear
                0x0000000008000ce0                MidiKey2Freq
                0x0000000008000ce4                MultiBoot
                0x0000000008000ce8                SoundDriverVSyncOff
                0x0000000008000cec                SoundDriverVSyncOn
 .text          0x0000000008000cf0      0x150 /opt/devkitpro/devkitARM/bin/../lib/gcc/arm-none-eabi/10.2.0/thumb/libgcc.a(_divsi3.o)
                0x0000000008000cf0                __aeabi_idiv
                0x0000000008000cf0                __divsi3
                0x0000000008000e20                __aeabi_idivmod
 .text          0x0000000008000e40        0x4 /opt/devkitpro/devkitARM/bin/../lib/gcc/arm-none-eabi/10.2.0/thumb/libgcc.a(_dvmd_tls.o)
                0x0000000008000e40                __aeabi_ldiv0
                0x0000000008000e40                __aeabi_idiv0
 .text          0x0000000008000e44      0x2ac /opt/devkitpro/devkitARM/bin/../lib/gcc/arm-none-eabi/10.2.0/thumb/libgcc.a(_arm_addsubsf3.o)
                0x0000000008000e44                __aeabi_frsub
                0x0000000008000e4c                __subsf3
                0x0000000008000e4c                __aeabi_fsub
                0x0000000008000e50                __aeabi_fadd
                0x0000000008000e50                __addsf3
                0x000000000800100c                __aeabi_ui2f
                0x000000000800100c                __floatunsisf
                0x0000000008001014                __aeabi_i2f
                0x0000000008001014                __floatsisf
                0x0000000008001034                __floatundisf
                0x0000000008001034                __aeabi_ul2f
                0x0000000008001044                __floatdisf
                0x0000000008001044                __aeabi_l2f
 .text          0x00000000080010f0       0x5c /opt/devkitpro/devkitARM/bin/../lib/gcc/arm-none-eabi/10.2.0/thumb/libgcc.a(_arm_fixsfsi.o)
                0x00000000080010f0                __fixsfsi
                0x00000000080010f0                __aeabi_f2iz
 .text.__libc_init_array
                0x000000000800114c       0x50 /opt/devkitpro/devkitARM/bin/../lib/gcc/arm-none-eabi/10.2.0/../../../../arm-none-eabi/lib/thumb/libg.a(lib_a-init.o)
                0x000000000800114c                __libc_init_array
 .text.srand    0x000000000800119c       0x18 /opt/devkitpro/devkitARM/bin/../lib/gcc/arm-none-eabi/10.2.0/../../../../arm-none-eabi/lib/thumb/libg.a(lib_a-rand.o)
                0x000000000800119c                srand
 .text.rand     0x00000000080011b4       0x34 /opt/devkitpro/devkitARM/bin/../lib/gcc/arm-none-eabi/10.2.0/../../../../arm-none-eabi/lib/thumb/libg.a(lib_a-rand.o)
                0x00000000080011b4                rand
 .text.__getreent
                0x00000000080011e8       0x28 /opt/devkitpro/devkitARM/bin/../lib/gcc/arm-none-eabi/10.2.0/../../../../arm-none-eabi/lib/thumb/libsysbase.a(getreent.o)
                0x00000000080011e8                __getreent
 .text.__muldi3
                0x0000000008001210       0x54 /opt/devkitpro/devkitARM/bin/../lib/gcc/arm-none-eabi/10.2.0/thumb/libgcc.a(_muldi3.o)
                0x0000000008001210                __aeabi_lmul
                0x0000000008001210                __muldi3
 *fill*         0x0000000008001264        0x4 ff
 .text.__muldi3.__stub
                0x0000000008001268       0x2c linker stubs
 *(.gnu.linkonce.t.*)
 *(.text.*personality*)
 *(.gnu.warning)
 *(.glue_7t)
 .glue_7t       0x0000000008001298        0x0 linker stubs
 *(.glue_7)
 .glue_7        0x0000000008001298        0x0 linker stubs
 *(.vfp11_veneer)
 .vfp11_veneer  0x0000000008001298        0x0 linker stubs
                0x0000000008001298                . = ALIGN (0x4)
                0x0000000008001298                __text_end = .

.v4_bx          0x0000000008001298        0x0
 .v4_bx         0x0000000008001298        0x0 linker stubs

.iplt           0x0000000008001298        0x0
 .iplt          0x0000000008001298        0x0 /opt/devkitpro/devkitARM/bin/../lib/gcc/arm-none-eabi/10.2.0/../../../../arm-none-eabi/lib/thumb/gba_crt0.o

.fini           0x0000000008001298        0xc
 *(.fini)
 .fini          0x0000000008001298        0x4 /opt/devkitpro/devkitARM/bin/../lib/gcc/arm-none-eabi/10.2.0/thumb/crti.o
                0x0000000008001298                _fini
 .fini          0x000000000800129c        0x8 /opt/devkitpro/devkitARM/bin/../lib/gcc/arm-none-eabi/10.2.0/thumb/crtn.o
                0x00000000080012a4                . = ALIGN (0x4)

.rodata         0x00000000080012a4     0x1ec8
 *(.rodata)
 .rodata        0x00000000080012a4        0xc title_screen.o
                0x00000000080012a4                title_screen
 .rodata        0x00000000080012b0        0xc main_game.o
                0x00000000080012b0                main_game
 .rodata        0x00000000080012bc     0x1490 titleScreenShared.o
                0x00000000080012bc                titleScreenSharedPal
                0x00000000080012cc                titleScreenSharedTiles
 .rodata        0x000000000800274c      0x800 title_text.o
                0x000000000800274c                title_textMap
 .rodata        0x0000000008002f4c      0x220 whale.o
                0x0000000008002f4c                whalePal
                0x0000000008002f6c                whaleTiles
 *all.rodata*(*)
 *(.roda)
 *(.rodata.*)
 *(.gnu.linkonce.r*)
                0x000000000800316c                . = ALIGN (0x4)

.ARM.extab
 *(.ARM.extab* .gnu.linkonce.armextab.*)
                0x000000000800316c                __exidx_start = .

.ARM.exidx
 *(.ARM.exidx* .gnu.linkonce.armexidx.*)
                0x000000000800316c                __exidx_end = .

.ctors          0x000000000800316c        0x0
 *crtbegin.o(.ctors)
 *(EXCLUDE_FILE(*crtend.o) .ctors)
 *(SORT_BY_NAME(.ctors.*))
 *(.ctors)
                0x000000000800316c                . = ALIGN (0x4)

.dtors          0x000000000800316c        0x0
 *crtbegin.o(.dtors)
 *(EXCLUDE_FILE(*crtend.o) .dtors)
 *(SORT_BY_NAME(.dtors.*))
 *(.dtors)
                0x000000000800316c                . = ALIGN (0x4)

.eh_frame       0x000000000800316c        0x4
 *(.eh_frame)
 .eh_frame      0x000000000800316c        0x0 /opt/devkitpro/devkitARM/bin/../lib/gcc/arm-none-eabi/10.2.0/thumb/crtbegin.o
 .eh_frame      0x000000000800316c        0x4 /opt/devkitpro/devkitARM/bin/../lib/gcc/arm-none-eabi/10.2.0/thumb/crtend.o
                0x0000000008003170                . = ALIGN (0x4)

.gcc_except_table
                0x0000000008003170        0x0
 *(.gcc_except_table)
                0x0000000008003170                . = ALIGN (0x4)
                0x0000000008003170                __iwram_lma = .

.iwram          0x0000000003000000       0x38 load address 0x0000000008003170
                0x0000000003000000                __iwram_start__ = ABSOLUTE (.)
 *(.iwram .iwram*)
 .iwram         0x0000000003000000       0x38 /opt/devkitpro/libtonc/lib/libtonc.a(tonc_memcpy.o)
                0x0000000003000000                memcpy32
 *iwram.*(.text* .data*)
                0x0000000003000038                . = ALIGN (0x4)
                0x0000000003000038                __iwram_end__ = ABSOLUTE (.)
                0x00000000080031a8                __data_lma = (__iwram_lma + SIZEOF (.iwram))

.rel.dyn        0x0000000003000038        0x0 load address 0x00000000080031a8
 .rel.iplt      0x0000000003000038        0x0 /opt/devkitpro/devkitARM/bin/../lib/gcc/arm-none-eabi/10.2.0/../../../../arm-none-eabi/lib/thumb/gba_crt0.o

.bss            0x0000000003000038      0x4a0
                0x0000000003000038                __bss_start = ABSOLUTE (.)
                0x0000000003000038                __bss_start__ = ABSOLUTE (.)
 *(.dynbss)
 *(.gnu.linkonce.b*)
 *(.bss*)
 .bss.completed.1
                0x0000000003000038        0x1 /opt/devkitpro/devkitARM/bin/../lib/gcc/arm-none-eabi/10.2.0/thumb/crtbegin.o
 *fill*         0x0000000003000039        0x3 
 .bss.object.0  0x000000000300003c       0x18 /opt/devkitpro/devkitARM/bin/../lib/gcc/arm-none-eabi/10.2.0/thumb/crtbegin.o
 *fill*         0x0000000003000054        0x4 
 .bss           0x0000000003000058       0x18 player.o
                0x0000000003000058                _player
 .bss           0x0000000003000070        0xc common.o
                0x0000000003000078                _scroll_x
 .bss           0x000000000300007c      0x400 ent.o
                0x000000000300007c                _obj_buffer
 .bss           0x000000000300047c        0x2 title_screen.o
 *fill*         0x000000000300047e        0x2 
 .bss           0x0000000003000480        0x8 main_game.o
 .bss           0x0000000003000488        0x4 /opt/devkitpro/libtonc/lib/libtonc.a(tonc_input.o)
                0x0000000003000488                __key_curr
                0x000000000300048a                __key_prev
 .bss.fake_heap_end
                0x000000000300048c        0x4 /opt/devkitpro/devkitARM/bin/../lib/gcc/arm-none-eabi/10.2.0/../../../../arm-none-eabi/lib/thumb/libsysbase.a(malloc_vars.o)
                0x000000000300048c                fake_heap_end
 .bss.__syscalls
                0x0000000003000490       0x48 /opt/devkitpro/devkitARM/bin/../lib/gcc/arm-none-eabi/10.2.0/../../../../arm-none-eabi/lib/thumb/libsysbase.a(syscall_support.o)
                0x0000000003000490                __syscalls
 *(COMMON)
                0x00000000030004d8                . = ALIGN (0x4)
                0x00000000030004d8                __bss_end__ = ABSOLUTE (.)

.data           0x00000000030004d8      0x488 load address 0x00000000080031a8
                0x00000000030004d8                __data_start__ = ABSOLUTE (.)
 *(.data*)
 .data          0x00000000030004d8       0x18 common.o
 .data          0x00000000030004f0        0x8 /opt/devkitpro/libtonc/lib/libtonc.a(tonc_input.o)
                0x00000000030004f0                __key_rpt
 .data._impure_ptr
                0x00000000030004f8        0x4 /opt/devkitpro/devkitARM/bin/../lib/gcc/arm-none-eabi/10.2.0/../../../../arm-none-eabi/lib/thumb/libg.a(lib_a-impure.o)
                0x00000000030004f8                _impure_ptr
 *fill*         0x00000000030004fc        0x4 ff
 .data.impure_data
                0x0000000003000500      0x460 /opt/devkitpro/devkitARM/bin/../lib/gcc/arm-none-eabi/10.2.0/../../../../arm-none-eabi/lib/thumb/libg.a(lib_a-impure.o)
 *(.gnu.linkonce.d*)
                0x0000000003000960                . = ALIGN (0x4)
                0x0000000008003630                __preinit_lma = (__data_lma + SIZEOF (.data))

.igot.plt       0x0000000003000960        0x0 load address 0x0000000008003630
 .igot.plt      0x0000000003000960        0x0 /opt/devkitpro/devkitARM/bin/../lib/gcc/arm-none-eabi/10.2.0/../../../../arm-none-eabi/lib/thumb/gba_crt0.o

.preinit_array  0x0000000003000960        0x0 load address 0x0000000008003630
                0x0000000003000960                __preinit_array_start = ABSOLUTE (.)
 *(.preinit_array)
                0x0000000003000960                __preinit_array_end = ABSOLUTE (.)
                0x0000000008003630                __init_lma = (__preinit_lma + SIZEOF (.preinit_array))

.init_array     0x0000000003000960        0x4 load address 0x0000000008003630
                0x0000000003000960                __init_array_start = ABSOLUTE (.)
 *(SORT_BY_NAME(.init_array.*))
 *(.init_array)
 .init_array    0x0000000003000960        0x4 /opt/devkitpro/devkitARM/bin/../lib/gcc/arm-none-eabi/10.2.0/thumb/crtbegin.o
                0x0000000003000964                __init_array_end = ABSOLUTE (.)
                0x0000000008003634                __fini_lma = (__init_lma + SIZEOF (.init_array))

.fini_array     0x0000000003000964        0x4 load address 0x0000000008003634
                0x0000000003000964                __fini_array_start = ABSOLUTE (.)
 *(SORT_BY_NAME(.fini_array.*))
 *(.fini_array)
 .fini_array    0x0000000003000964        0x4 /opt/devkitpro/devkitARM/bin/../lib/gcc/arm-none-eabi/10.2.0/thumb/crtbegin.o
                0x0000000003000968                __fini_array_end = ABSOLUTE (.)
                0x0000000008003638                __jcr_lma = (__fini_lma + SIZEOF (.fini_array))

.jcr            0x0000000003000968        0x0 load address 0x0000000008003638
 *(.jcr)
                0x0000000003000968                __data_end__ = ABSOLUTE (.)
                0x0000000008003638                __iwram_overlay_lma = (__jcr_lma + SIZEOF (.jcr))
                0x0000000003000968                __iwram_overlay_start = .

.iwram0         0x0000000003000968        0x0 load address 0x0000000008003638
 *(.iwram0)
                0x0000000003000968                . = ALIGN (0x4)
                0x0000000008003638                PROVIDE (__load_start_iwram0 = LOADADDR (.iwram0))
                0x0000000008003638                PROVIDE (__load_stop_iwram0 = (LOADADDR (.iwram0) + SIZEOF (.iwram0)))

.iwram1         0x0000000003000968        0x0
 *(.iwram1)
                0x0000000003000968                . = ALIGN (0x4)
                [!provide]                        PROVIDE (__load_start_iwram1 = LOADADDR (.iwram1))
                [!provide]                        PROVIDE (__load_stop_iwram1 = (LOADADDR (.iwram1) + SIZEOF (.iwram1)))

.iwram2         0x0000000003000968        0x0
 *(.iwram2)
                0x0000000003000968                . = ALIGN (0x4)
                [!provide]                        PROVIDE (__load_start_iwram2 = LOADADDR (.iwram2))
                [!provide]                        PROVIDE (__load_stop_iwram2 = (LOADADDR (.iwram2) + SIZEOF (.iwram2)))

.iwram3         0x0000000003000968        0x0
 *(.iwram3)
                0x0000000003000968                . = ALIGN (0x4)
                [!provide]                        PROVIDE (__load_start_iwram3 = LOADADDR (.iwram3))
                [!provide]                        PROVIDE (__load_stop_iwram3 = (LOADADDR (.iwram3) + SIZEOF (.iwram3)))

.iwram4         0x0000000003000968        0x0
 *(.iwram4)
                0x0000000003000968                . = ALIGN (0x4)
                [!provide]                        PROVIDE (__load_start_iwram4 = LOADADDR (.iwram4))
                [!provide]                        PROVIDE (__load_stop_iwram4 = (LOADADDR (.iwram4) + SIZEOF (.iwram4)))

.iwram5         0x0000000003000968        0x0
 *(.iwram5)
                0x0000000003000968                . = ALIGN (0x4)
                [!provide]                        PROVIDE (__load_start_iwram5 = LOADADDR (.iwram5))
                [!provide]                        PROVIDE (__load_stop_iwram5 = (LOADADDR (.iwram5) + SIZEOF (.iwram5)))

.iwram6         0x0000000003000968        0x0
 *(.iwram6)
                0x0000000003000968                . = ALIGN (0x4)
                [!provide]                        PROVIDE (__load_start_iwram6 = LOADADDR (.iwram6))
                [!provide]                        PROVIDE (__load_stop_iwram6 = (LOADADDR (.iwram6) + SIZEOF (.iwram6)))

.iwram7         0x0000000003000968        0x0
 *(.iwram7)
                0x0000000003000968                . = ALIGN (0x4)
                [!provide]                        PROVIDE (__load_start_iwram7 = LOADADDR (.iwram7))
                [!provide]                        PROVIDE (__load_stop_iwram7 = (LOADADDR (.iwram7) + SIZEOF (.iwram7)))

.iwram8         0x0000000003000968        0x0
 *(.iwram8)
                0x0000000003000968                . = ALIGN (0x4)
                [!provide]                        PROVIDE (__load_start_iwram8 = LOADADDR (.iwram8))
                [!provide]                        PROVIDE (__load_stop_iwram8 = (LOADADDR (.iwram8) + SIZEOF (.iwram8)))

.iwram9         0x0000000003000968        0x0
 *(.iwram9)
                0x0000000003000968                . = ALIGN (0x4)
                [!provide]                        PROVIDE (__load_start_iwram9 = LOADADDR (.iwram9))
                [!provide]                        PROVIDE (__load_stop_iwram9 = (LOADADDR (.iwram9) + SIZEOF (.iwram9)))
                0x0000000003000968                __iwram_overlay_end = .
                0x0000000008003638                __ewram_lma = (__iwram_overlay_lma + (__iwram_overlay_end - __iwram_overlay_start))
                0x0000000003000968                __iheap_start = .
                0x0000000002000000                __ewram_start = ORIGIN (ewram)

.ewram          0x0000000002000000        0x0 load address 0x0000000008003638
 *(.ewram*)
                0x0000000002000000                . = ALIGN (0x4)
                0x0000000002000000                __ewram_end = ABSOLUTE (.)
                0x0000000008003638                __pad_lma = (__ewram_lma + SIZEOF (.ewram))

.sbss           0x0000000002000000        0x0
                0x0000000002000000                __sbss_start__ = ABSOLUTE (.)
 *(.sbss*)
                0x0000000002000000                . = ALIGN (0x4)
                0x0000000002000000                __sbss_end__ = ABSOLUTE (.)
                0x0000000002000000                __end__ = ABSOLUTE (.)
                0x0000000002000000                __eheap_start = ABSOLUTE (.)

.pad            0x0000000002000000        0x8 load address 0x0000000008003638
                0x0000000002000000        0x4 LONG 0x52416b64
                0x0000000002000004        0x4 LONG 0x4d
                0x0000000002000008                . = ALIGN (0x4)
                0x0000000008003640                __rom_end__ = (__pad_lma + SIZEOF (.pad))

.stab
 *(.stab)

.stabstr
 *(.stabstr)

.stab.excl
 *(.stab.excl)

.stab.exclstr
 *(.stab.exclstr)

.stab.index
 *(.stab.index)

.stab.indexstr
 *(.stab.indexstr)

.comment        0x0000000000000000       0x45
 *(.comment)
 .comment       0x0000000000000000       0x23 /opt/devkitpro/devkitARM/bin/../lib/gcc/arm-none-eabi/10.2.0/thumb/crtbegin.o
                                         0x24 (size before relaxing)
 .comment       0x0000000000000023       0x24 player.o
 .comment       0x0000000000000023       0x24 common.o
 .comment       0x0000000000000023       0x24 ent.o
 .comment       0x0000000000000023       0x24 main.o
 .comment       0x0000000000000023       0x24 graphics.o
 .comment       0x0000000000000023       0x24 title_screen.o
 .comment       0x0000000000000023       0x24 main_game.o
 .comment       0x0000000000000023       0x24 titleScreenShared.o
 .comment       0x0000000000000023       0x24 title_text.o
 .comment       0x0000000000000023       0x24 whale.o
 .comment       0x0000000000000023       0x22 /opt/devkitpro/libtonc/lib/libtonc.a(tonc_oam.o)
                                         0x23 (size before relaxing)
 .comment       0x0000000000000045       0x23 /opt/devkitpro/libtonc/lib/libtonc.a(tonc_input.o)
 .comment       0x0000000000000045       0x24 /opt/devkitpro/devkitARM/bin/../lib/gcc/arm-none-eabi/10.2.0/../../../../arm-none-eabi/lib/thumb/libg.a(lib_a-init.o)
 .comment       0x0000000000000045       0x24 /opt/devkitpro/devkitARM/bin/../lib/gcc/arm-none-eabi/10.2.0/../../../../arm-none-eabi/lib/thumb/libg.a(lib_a-rand.o)
 .comment       0x0000000000000045       0x24 /opt/devkitpro/devkitARM/bin/../lib/gcc/arm-none-eabi/10.2.0/../../../../arm-none-eabi/lib/thumb/libsysbase.a(malloc_vars.o)
 .comment       0x0000000000000045       0x24 /opt/devkitpro/devkitARM/bin/../lib/gcc/arm-none-eabi/10.2.0/../../../../arm-none-eabi/lib/thumb/libsysbase.a(getreent.o)
 .comment       0x0000000000000045       0x24 /opt/devkitpro/devkitARM/bin/../lib/gcc/arm-none-eabi/10.2.0/../../../../arm-none-eabi/lib/thumb/libsysbase.a(syscall_support.o)
 .comment       0x0000000000000045       0x24 /opt/devkitpro/devkitARM/bin/../lib/gcc/arm-none-eabi/10.2.0/thumb/libgcc.a(_muldi3.o)
 .comment       0x0000000000000045       0x24 /opt/devkitpro/devkitARM/bin/../lib/gcc/arm-none-eabi/10.2.0/../../../../arm-none-eabi/lib/thumb/libg.a(lib_a-impure.o)
 .comment       0x0000000000000045       0x24 /opt/devkitpro/devkitARM/bin/../lib/gcc/arm-none-eabi/10.2.0/thumb/crtend.o

.debug
 *(.debug)

.line
 *(.line)

.debug_srcinfo
 *(.debug_srcinfo)

.debug_sfnames
 *(.debug_sfnames)

.debug_aranges  0x0000000000000000      0x128
 *(.debug_aranges)
 .debug_aranges
                0x0000000000000000       0x20 player.o
 .debug_aranges
                0x0000000000000020       0x20 common.o
 .debug_aranges
                0x0000000000000040       0x18 ent.o
 .debug_aranges
                0x0000000000000058       0x28 main.o
 .debug_aranges
                0x0000000000000080       0x20 graphics.o
 .debug_aranges
                0x00000000000000a0       0x20 title_screen.o
 .debug_aranges
                0x00000000000000c0       0x20 main_game.o
 .debug_aranges
                0x00000000000000e0       0x18 titleScreenShared.o
 .debug_aranges
                0x00000000000000f8       0x18 title_text.o
 .debug_aranges
                0x0000000000000110       0x18 whale.o

.debug_pubnames
 *(.debug_pubnames)

.debug_info     0x0000000000000000     0x27e6
 *(.debug_info)
 .debug_info    0x0000000000000000      0x661 player.o
 .debug_info    0x0000000000000661      0x25f common.o
 .debug_info    0x00000000000008c0      0x178 ent.o
 .debug_info    0x0000000000000a38      0x1e1 main.o
 .debug_info    0x0000000000000c19      0x8ac graphics.o
 .debug_info    0x00000000000014c5      0x6c0 title_screen.o
 .debug_info    0x0000000000001b85      0xafe main_game.o
 .debug_info    0x0000000000002683       0x83 titleScreenShared.o
 .debug_info    0x0000000000002706       0x5a title_text.o
 .debug_info    0x0000000000002760       0x86 whale.o

.debug_abbrev   0x0000000000000000     0x105d
 *(.debug_abbrev)
 .debug_abbrev  0x0000000000000000      0x28f player.o
 .debug_abbrev  0x000000000000028f      0x1d5 common.o
 .debug_abbrev  0x0000000000000464       0xc1 ent.o
 .debug_abbrev  0x0000000000000525      0x125 main.o
 .debug_abbrev  0x000000000000064a      0x32a graphics.o
 .debug_abbrev  0x0000000000000974      0x2cb title_screen.o
 .debug_abbrev  0x0000000000000c3f      0x321 main_game.o
 .debug_abbrev  0x0000000000000f60       0x69 titleScreenShared.o
 .debug_abbrev  0x0000000000000fc9       0x4a title_text.o
 .debug_abbrev  0x0000000000001013       0x4a whale.o

.debug_line     0x0000000000000000     0x1952
 *(.debug_line)
 .debug_line    0x0000000000000000      0x39c player.o
 .debug_line    0x000000000000039c      0x1a5 common.o
 .debug_line    0x0000000000000541       0xa8 ent.o
 .debug_line    0x00000000000005e9      0x158 main.o
 .debug_line    0x0000000000000741      0x545 graphics.o
 .debug_line    0x0000000000000c86      0x371 title_screen.o
 .debug_line    0x0000000000000ff7      0x809 main_game.o
 .debug_line    0x0000000000001800       0x77 titleScreenShared.o
 .debug_line    0x0000000000001877       0x70 title_text.o
 .debug_line    0x00000000000018e7       0x6b whale.o

.debug_frame    0x0000000000000000      0x284
 *(.debug_frame)
 .debug_frame   0x0000000000000000       0x48 player.o
 .debug_frame   0x0000000000000048       0xa8 common.o
 .debug_frame   0x00000000000000f0       0x58 main.o
 .debug_frame   0x0000000000000148       0x8c graphics.o
 .debug_frame   0x00000000000001d4       0x50 title_screen.o
 .debug_frame   0x0000000000000224       0x60 main_game.o

.debug_str      0x0000000000000000      0x967
 *(.debug_str)
 .debug_str     0x0000000000000000      0x31e player.o
                                        0x365 (size before relaxing)
 .debug_str     0x000000000000031e       0xe4 common.o
                                        0x268 (size before relaxing)
 .debug_str     0x0000000000000402       0xd8 ent.o
                                        0x252 (size before relaxing)
 .debug_str     0x00000000000004da       0x90 main.o
                                        0x222 (size before relaxing)
 .debug_str     0x000000000000056a      0x12d graphics.o
                                        0x2bd (size before relaxing)
 .debug_str     0x0000000000000697       0xd6 title_screen.o
                                        0x32f (size before relaxing)
 .debug_str     0x000000000000076d      0x108 main_game.o
                                        0x399 (size before relaxing)
 .debug_str     0x0000000000000875       0x57 titleScreenShared.o
                                        0x15c (size before relaxing)
 .debug_str     0x00000000000008cc       0x50 title_text.o
                                        0x137 (size before relaxing)
 .debug_str     0x000000000000091c       0x4b whale.o
                                        0x138 (size before relaxing)

.debug_loc      0x0000000000000000     0x11c1
 *(.debug_loc)
 .debug_loc     0x0000000000000000      0x134 player.o
 .debug_loc     0x0000000000000134       0x25 common.o
 .debug_loc     0x0000000000000159      0x825 graphics.o
 .debug_loc     0x000000000000097e      0x218 title_screen.o
 .debug_loc     0x0000000000000b96      0x62b main_game.o

.debug_macinfo
 *(.debug_macinfo)

.debug_weaknames
 *(.debug_weaknames)

.debug_funcnames
 *(.debug_funcnames)

.debug_typenames
 *(.debug_typenames)

.debug_varnames
 *(.debug_varnames)

.stack          0x0000000000080000        0x0
                0x0000000000080000                _stack = .
 *(.stack)

.note.gnu.arm.ident
 *(.note.gnu.arm.ident)

.ARM.attributes
                0x0000000000000000       0x2c
 *(.ARM.attributes)
 .ARM.attributes
                0x0000000000000000       0x20 /opt/devkitpro/devkitARM/bin/../lib/gcc/arm-none-eabi/10.2.0/../../../../arm-none-eabi/lib/thumb/gba_crt0.o
 .ARM.attributes
                0x0000000000000020       0x1c /opt/devkitpro/devkitARM/bin/../lib/gcc/arm-none-eabi/10.2.0/thumb/crti.o
 .ARM.attributes
                0x000000000000003c       0x2a /opt/devkitpro/devkitARM/bin/../lib/gcc/arm-none-eabi/10.2.0/thumb/crtbegin.o
 .ARM.attributes
                0x0000000000000066       0x26 player.o
 .ARM.attributes
                0x000000000000008c       0x26 common.o
 .ARM.attributes
                0x00000000000000b2       0x2c ent.o
 .ARM.attributes
                0x00000000000000de       0x26 main.o
 .ARM.attributes
                0x0000000000000104       0x26 graphics.o
 .ARM.attributes
                0x000000000000012a       0x26 title_screen.o
 .ARM.attributes
                0x0000000000000150       0x26 main_game.o
 .ARM.attributes
                0x0000000000000176       0x2c titleScreenShared.o
 .ARM.attributes
                0x00000000000001a2       0x2c NewTilemap.o
 .ARM.attributes
                0x00000000000001ce       0x2c title_text.o
 .ARM.attributes
                0x00000000000001fa       0x2c whale.o
 .ARM.attributes
                0x0000000000000226       0x2c backgroundSky.o
 .ARM.attributes
                0x0000000000000252       0x2a /opt/devkitpro/libtonc/lib/libtonc.a(tonc_oam.o)
 .ARM.attributes
                0x000000000000027c       0x2a /opt/devkitpro/libtonc/lib/libtonc.a(tonc_input.o)
 .ARM.attributes
                0x00000000000002a6       0x1a /opt/devkitpro/libtonc/lib/libtonc.a(tonc_bios.o)
 .ARM.attributes
                0x00000000000002c0       0x1a /opt/devkitpro/libtonc/lib/libtonc.a(tonc_memcpy.o)
 .ARM.attributes
                0x00000000000002da       0x1c /opt/devkitpro/devkitARM/bin/../lib/gcc/arm-none-eabi/10.2.0/thumb/libgcc.a(_divsi3.o)
 .ARM.attributes
                0x00000000000002f6       0x1c /opt/devkitpro/devkitARM/bin/../lib/gcc/arm-none-eabi/10.2.0/thumb/libgcc.a(_dvmd_tls.o)
 .ARM.attributes
                0x0000000000000312       0x1c /opt/devkitpro/devkitARM/bin/../lib/gcc/arm-none-eabi/10.2.0/thumb/libgcc.a(_arm_addsubsf3.o)
 .ARM.attributes
                0x000000000000032e       0x1c /opt/devkitpro/devkitARM/bin/../lib/gcc/arm-none-eabi/10.2.0/thumb/libgcc.a(_arm_fixsfsi.o)
 .ARM.attributes
                0x000000000000034a       0x2a /opt/devkitpro/devkitARM/bin/../lib/gcc/arm-none-eabi/10.2.0/../../../../arm-none-eabi/lib/thumb/libg.a(lib_a-init.o)
 .ARM.attributes
                0x0000000000000374       0x2a /opt/devkitpro/devkitARM/bin/../lib/gcc/arm-none-eabi/10.2.0/../../../../arm-none-eabi/lib/thumb/libg.a(lib_a-rand.o)
 .ARM.attributes
                0x000000000000039e       0x30 /opt/devkitpro/devkitARM/bin/../lib/gcc/arm-none-eabi/10.2.0/../../../../arm-none-eabi/lib/thumb/libsysbase.a(malloc_vars.o)
 .ARM.attributes
                0x00000000000003ce       0x2a /opt/devkitpro/devkitARM/bin/../lib/gcc/arm-none-eabi/10.2.0/../../../../arm-none-eabi/lib/thumb/libsysbase.a(getreent.o)
 .ARM.attributes
                0x00000000000003f8       0x2a /opt/devkitpro/devkitARM/bin/../lib/gcc/arm-none-eabi/10.2.0/../../../../arm-none-eabi/lib/thumb/libsysbase.a(syscall_support.o)
 .ARM.attributes
                0x0000000000000422       0x2a /opt/devkitpro/devkitARM/bin/../lib/gcc/arm-none-eabi/10.2.0/thumb/libgcc.a(_muldi3.o)
 .ARM.attributes
                0x000000000000044c       0x30 /opt/devkitpro/devkitARM/bin/../lib/gcc/arm-none-eabi/10.2.0/../../../../arm-none-eabi/lib/thumb/libg.a(lib_a-impure.o)
 .ARM.attributes
                0x000000000000047c       0x30 /opt/devkitpro/devkitARM/bin/../lib/gcc/arm-none-eabi/10.2.0/thumb/crtend.o
 .ARM.attributes
                0x00000000000004ac       0x1c /opt/devkitpro/devkitARM/bin/../lib/gcc/arm-none-eabi/10.2.0/thumb/crtn.o

/DISCARD/
 *(.note.GNU-stack)
LOAD /opt/devkitpro/devkitARM/bin/../lib/gcc/arm-none-eabi/10.2.0/../../../../arm-none-eabi/lib/thumb/gba_crt0.o
LOAD /opt/devkitpro/devkitARM/bin/../lib/gcc/arm-none-eabi/10.2.0/thumb/crti.o
LOAD /opt/devkitpro/devkitARM/bin/../lib/gcc/arm-none-eabi/10.2.0/thumb/crtbegin.o
LOAD player.o
LOAD common.o
LOAD ent.o
LOAD main.o
LOAD graphics.o
LOAD title_screen.o
LOAD main_game.o
LOAD titleScreenShared.o
LOAD NewTilemap.o
LOAD title_text.o
LOAD whale.o
LOAD backgroundSky.o
LOAD /opt/devkitpro/libtonc/lib/libtonc.a
START GROUP
LOAD /opt/devkitpro/devkitARM/bin/../lib/gcc/arm-none-eabi/10.2.0/thumb/libgcc.a
LOAD /opt/devkitpro/devkitARM/bin/../lib/gcc/arm-none-eabi/10.2.0/../../../../arm-none-eabi/lib/thumb/libg.a
LOAD /opt/devkitpro/devkitARM/bin/../lib/gcc/arm-none-eabi/10.2.0/../../../../arm-none-eabi/lib/thumb/libc.a
LOAD /opt/devkitpro/devkitARM/bin/../lib/gcc/arm-none-eabi/10.2.0/../../../../arm-none-eabi/lib/thumb/libsysbase.a
END GROUP
LOAD /opt/devkitpro/devkitARM/bin/../lib/gcc/arm-none-eabi/10.2.0/thumb/crtend.o
LOAD /opt/devkitpro/devkitARM/bin/../lib/gcc/arm-none-eabi/10.2.0/thumb/crtn.o
OUTPUT(/mnt/c/Users/pfsar/OneDrive/Documents/GitHub/ecs-gba/bin/ecs.elf elf32-littlearm)
LOAD linker stubs

.debug_ranges   0x0000000000000000      0x790
 .debug_ranges  0x0000000000000000       0xb8 player.o
 .debug_ranges  0x00000000000000b8       0x30 main.o
 .debug_ranges  0x00000000000000e8      0x280 graphics.o
 .debug_ranges  0x0000000000000368       0x70 title_screen.o
 .debug_ranges  0x00000000000003d8      0x3b8 main_game.o
